rice_brown: 14 matching products, fetching 14
bulgur: 8 matching products, fetching 8
couscous: 13 matching products, fetching 13
muesli: 34 matching products, fetching 20
crispbread: 2 matching products, fetching 2
sweet_potato: 1 matching products, fetching 1
lentils_red: 9 matching products, fetching 9
lentils_green: 8 matching products, fetching 8
peas_split: 9 matching products, fetching 9
peas_grey: 2 matching products, fetching 2
chickpeas_dried: 5 matching products, fetching 5
beans_canned: 65 matching products, fetching 20
chickpeas_canned: 18 matching products, fetching 18
tofu: 8 matching products, fetching 8
soy_chunks: 4 matching products, fetching 4
soy_drink: 0 matching products, fetching 0
chicken_thigh_fillet: 0 matching products, fetching 0
turkey_fillet: 3 matching products, fetching 3
chicken_liver: 0 matching products, fetching 0
beef_steak: 20 matching products, fetching 20
tuna_canned: 25 matching products, fetching 20
skyr: 0 matching products, fetching 0
cottage_cheese: 42 matching products, fetching 20
peanut_butter: 10 matching products, fetching 10
sunflower_seeds: 0 matching products, fetching 0
pumpkin_seeds: 0 matching products, fetching 0
flaxseed: 0 matching products, fetching 0
walnuts: 20 matching products, fetching 20
almonds: 24 matching products, fetching 20
hazelnuts: 19 matching products, fetching 19
whey_protein: 12 matching products, fetching 12
pea_protein: 2 matching products, fetching 2
mass_gainer: 0 matching products, fetching 0
maltodextrin: 0 matching products, fetching 0
oats_flaked: 29 matching products, fetching 20
rice_white: 91 matching products, fetching 20
chicken_fillet: 27 matching products, fetching 20
eggs: 7 matching products, fetching 7
curd: 39 matching products, fetching 20
pasta_wheat: 322 matching products, fetching 20
pork_minced: 0 matching products, fetching 0
milk: 1 matching products, fetching 1
done → /home/martins/Desktop/Nutrition/data/raw/cenudepo/2026-10-06/observations_raw.csv
